[0m11:53:02.465477 [debug] [MainThread]: Sending event: {'category': 'dbt', 'action': 'invocation', 'label': 'start', 'context': [<snowplow_tracker.self_describing_json.SelfDescribingJson object at 0x73e921dbf5f0>, <snowplow_tracker.self_describing_json.SelfDescribingJson object at 0x73e92348d220>, <snowplow_tracker.self_describing_json.SelfDescribingJson object at 0x73e921dbddf0>]}


============================== 11:53:02.472484 | 224bb967-6a8b-4323-adb6-458bbceb046f ==============================
[0m11:53:02.472484 [info ] [MainThread]: Running with dbt=1.12.5
[0m11:53:02.473007 [debug] [MainThread]: running dbt with arguments {'printer_width': '80', 'maximum_seed_size_mib': '1', 'warn_error_options': 'WarnErrorOptionsV2(error=[], warn=[], silence=[])', 'log_path': 'logs', 'use_experimental_parser': 'False', 'send_anonymous_usage_stats': 'True', 'indirect_selection': 'eager', 'invocation_command': 'dbt init nyc_taxi', 'target_path': 'None', 'introspect': 'True', 'partial_parse': 'True', 'warn_error': 'None', 'static_parser': 'True', 'quiet': 'False', 'hints_enabled': 'True', 'cache_selected_only': 'False', 'profiles_dir': '/home/millord/.dbt', 'log_cache_events': 'False', 'log_format': 'default', 'use_colors': 'True', 'empty': 'None', 'debug': 'False', 'write_json': 'True', 'fail_fast': 'False', 'no_print': 'None', 'version_check': 'True'}
[0m11:53:02.482105 [info ] [MainThread]: Creating dbt configuration folder at /home/millord/.dbt
[0m11:53:02.483192 [debug] [MainThread]: Starter project path: /home/millord/Projects/data-eng/snoflake/env/lib/python3.12/site-packages/dbt/include/starter_project
[0m11:53:02.485417 [info ] [MainThread]: Setting up your profile.
[0m11:53:07.463190 [debug] [MainThread]: Snowflake adapter: Setting snowflake.connector to ERROR (file logging only)
[0m11:53:07.463730 [debug] [MainThread]: Snowflake adapter: Setting botocore to ERROR (file logging only)
[0m11:53:07.464109 [debug] [MainThread]: Snowflake adapter: Setting boto3 to ERROR (file logging only)
[0m11:54:39.141360 [info ] [MainThread]: Profile nyc_taxi written to /home/millord/.dbt/profiles.yml using target's profile_template.yml and your supplied values.
[0m11:54:39.146880 [info ] [MainThread]: Running dbt debug to validate the project...
[0m11:54:39.149621 [info ] [MainThread]: dbt version: 1.12.5
[0m11:54:39.151643 [info ] [MainThread]: python version: 3.12.2
[0m11:54:39.153603 [info ] [MainThread]: python path: /home/millord/Projects/data-eng/snoflake/env/bin/python
[0m11:54:39.155439 [info ] [MainThread]: os info: Linux-7.1.1-76070101-generic-x86_64-with-glibc2.35
[0m11:54:39.234747 [info ] [MainThread]: Using profiles dir at /home/millord/.dbt
[0m11:54:39.235192 [info ] [MainThread]: Using profiles.yml file at /home/millord/.dbt/profiles.yml
[0m11:54:39.235534 [info ] [MainThread]: Using dbt_project.yml file at /home/millord/Projects/data-eng/snoflake/dbt/nyc_taxi/dbt_project.yml
[0m11:54:39.236013 [info ] [MainThread]: adapter type: snowflake
[0m11:54:39.236341 [info ] [MainThread]: adapter version: 1.12.1
[0m11:54:39.354089 [info ] [MainThread]: Configuration:
[0m11:54:39.354539 [info ] [MainThread]:   profiles.yml file [[32mOK found and valid[0m]
[0m11:54:39.354879 [info ] [MainThread]:   dbt_project.yml file [[32mOK found and valid[0m]
[0m11:54:39.355207 [info ] [MainThread]: Required dependencies:
[0m11:54:39.355559 [debug] [MainThread]: Executing "git --help"
[0m11:54:39.357013 [debug] [MainThread]: STDOUT: "b"usage: git [--version] [--help] [-C <path>] [-c <name>=<value>]\n           [--exec-path[=<path>]] [--html-path] [--man-path] [--info-path]\n           [-p | --paginate | -P | --no-pager] [--no-replace-objects] [--bare]\n           [--git-dir=<path>] [--work-tree=<path>] [--namespace=<name>]\n           [--super-prefix=<path>] [--config-env=<name>=<envvar>]\n           <command> [<args>]\n\nThese are common Git commands used in various situations:\n\nstart a working area (see also: git help tutorial)\n   clone     Clone a repository into a new directory\n   init      Create an empty Git repository or reinitialize an existing one\n\nwork on the current change (see also: git help everyday)\n   add       Add file contents to the index\n   mv        Move or rename a file, a directory, or a symlink\n   restore   Restore working tree files\n   rm        Remove files from the working tree and from the index\n\nexamine the history and state (see also: git help revisions)\n   bisect    Use binary search to find the commit that introduced a bug\n   diff      Show changes between commits, commit and working tree, etc\n   grep      Print lines matching a pattern\n   log       Show commit logs\n   show      Show various types of objects\n   status    Show the working tree status\n\ngrow, mark and tweak your common history\n   branch    List, create, or delete branches\n   commit    Record changes to the repository\n   merge     Join two or more development histories together\n   rebase    Reapply commits on top of another base tip\n   reset     Reset current HEAD to the specified state\n   switch    Switch branches\n   tag       Create, list, delete or verify a tag object signed with GPG\n\ncollaborate (see also: git help workflows)\n   fetch     Download objects and refs from another repository\n   pull      Fetch from and integrate with another repository or a local branch\n   push      Update remote refs along with associated objects\n\n'git help -a' and 'git help -g' list available subcommands and some\nconcept guides. See 'git help <command>' or 'git help <concept>'\nto read about a specific subcommand or concept.\nSee 'git help git' for an overview of the system.\n""
[0m11:54:39.357425 [debug] [MainThread]: STDERR: "b''"
[0m11:54:39.357739 [info ] [MainThread]:  - git [[32mOK found[0m]

[0m11:54:39.358072 [info ] [MainThread]: Connection:
[0m11:54:39.358463 [info ] [MainThread]:   account: RGEARKS-IV81189.snowflakecomputing.com
[0m11:54:39.358796 [info ] [MainThread]:   user: MILLORD
[0m11:54:39.359182 [info ] [MainThread]:   database: NYC_TAXI
[0m11:54:39.359586 [info ] [MainThread]:   warehouse: COMPUTE_WH
[0m11:54:39.359919 [info ] [MainThread]:   role: admin
[0m11:54:39.360241 [info ] [MainThread]:   schema: staging
[0m11:54:39.360602 [info ] [MainThread]:   authenticator: None
[0m11:54:39.360926 [info ] [MainThread]:   oauth_client_id: None
[0m11:54:39.361245 [info ] [MainThread]:   query_tag: None
[0m11:54:39.361574 [info ] [MainThread]:   client_session_keep_alive: False
[0m11:54:39.361894 [info ] [MainThread]:   host: None
[0m11:54:39.362212 [info ] [MainThread]:   port: None
[0m11:54:39.362533 [info ] [MainThread]:   proxy_host: None
[0m11:54:39.362853 [info ] [MainThread]:   proxy_port: None
[0m11:54:39.363217 [info ] [MainThread]:   protocol: None
[0m11:54:39.363572 [info ] [MainThread]:   connect_retries: 1
[0m11:54:39.363890 [info ] [MainThread]:   connect_timeout: None
[0m11:54:39.364208 [info ] [MainThread]:   retry_on_database_errors: False
[0m11:54:39.364568 [info ] [MainThread]:   retry_all: False
[0m11:54:39.364887 [info ] [MainThread]:   insecure_mode: False
[0m11:54:39.365203 [info ] [MainThread]:   reuse_connections: True
[0m11:54:39.365561 [info ] [MainThread]:   s3_stage_vpce_dns_name: None
[0m11:54:39.365881 [info ] [MainThread]:   workload_identity_provider: None
[0m11:54:39.366200 [info ] [MainThread]:   workload_identity_entra_resource: None
[0m11:54:39.366525 [info ] [MainThread]:   platform_detection_timeout_seconds: 0.0
[0m11:54:39.367042 [info ] [MainThread]: Registered adapter: snowflake=1.12.1
[0m11:54:39.454470 [debug] [MainThread]: Acquiring new snowflake connection 'debug'
[0m11:54:39.456380 [debug] [MainThread]: Using snowflake connection "debug"
[0m11:54:39.456723 [debug] [MainThread]: On debug: select 1 as id
[0m11:54:39.457029 [debug] [MainThread]: Opening a new connection, currently in state init
[0m11:54:40.482907 [debug] [MainThread]: Snowflake adapter: Error running SQL: select 1 as id
[0m11:54:40.484907 [debug] [MainThread]: Snowflake adapter: Rolling back transaction.
[0m11:54:40.486774 [info ] [MainThread]:   Connection test: [[31mERROR[0m]

[0m11:54:40.488726 [info ] [MainThread]: [31m1 check failed:[0m
[0m11:54:40.490527 [info ] [MainThread]: dbt was unable to connect to the specified database.
The database returned the following error:

  >Database Error
  250003: Hit non-retryable SSL error, HTTPSConnectionPool(host='rgearks-iv81189.snowflakecomputing.com.snowflakecomputing.com', port=443): Max retries exceeded with url: /session/v1/login-request?request_id=7bbebe19-7f9f-4231-bec4-6be798c36384&databaseName=NYC_TAXI&schemaName=staging&warehouse=COMPUTE_WH&roleName=admin&request_guid=a74b4a01-aaae-4e33-86fd-b9de9cd82f54 (Caused by SSLError(CertificateError("hostname 'rgearks-iv81189.snowflakecomputing.com.snowflakecomputing.com' doesn't match either of '*.privatelink.snowflakecomputing.com', '*.prod3.us-west-2.aws.snowflakecomputing.com', '*.prod3.us-west-2.snowflakecomputing.com', '*.snowflakecomputing.com', '*.us-west-2.aws.privatelink.snowflakecomputing.com', '*.us-west-2.aws.snowflakecomputing.com', '*.us-west-2.privatelink.snowflakecomputing.com', '*.us-west-2.snowflakecomputing.com', 'privatelink.snowflakecomputing.com', 'prod3.us-west-2.aws.snowflakecomputing.com', 'prod3.us-west-2.snowflakecomputing.com', 'snowflakecomputing.com', 'us-west-2.aws.privatelink.snowflakecomputing.com', 'us-west-2.aws.snowflakecomputing.com', 'us-west-2.privatelink.snowflakecomputing.com', 'us-west-2.snowflakecomputing.com'"))).
  Verify that the hostnames and port numbers in SYSTEM$ALLOWLIST are added to your firewall's allowed list.
  To further troubleshoot your connection you may reference the following article: https://docs.snowflake.com/en/user-guide/client-connectivity-troubleshooting/overview.

Check your database credentials and try again. For more information, visit:
https://docs.getdbt.com/docs/configure-your-profile


[0m11:54:40.492156 [info ] [MainThread]: Your new dbt project "nyc_taxi" was created!
Initialized new project in /home/millord/Projects/data-eng/snoflake/dbt/nyc_taxi/nyc_taxi

For more information on how to configure the profiles.yml file,
please consult the dbt documentation here:

  https://docs.getdbt.com/docs/configure-your-profile

One more thing:

Need help? Don't hesitate to reach out to us via GitHub issues or on Slack:

  https://community.getdbt.com/

Happy modeling!

[0m11:54:40.493601 [info ] [MainThread]: [31mYour profile may need adjustments. You can find the logs of `dbt debug` above[0m
[0m11:54:40.500006 [debug] [MainThread]: Resource report: {"command_name": "init", "command_success": true, "command_wall_clock_time": 98.11944, "process_in_blocks": "1064", "process_kernel_time": 0.141975, "process_mem_max_rss": "152572", "process_out_blocks": "104", "process_user_time": 2.231612}
[0m11:54:40.501237 [debug] [MainThread]: Command `dbt init` succeeded at 11:54:40.501029 after 98.12 seconds
[0m11:54:40.501902 [debug] [MainThread]: Connection 'debug' was left open.
[0m11:54:40.502550 [debug] [MainThread]: On debug: No close available on handle
[0m11:54:40.503206 [debug] [MainThread]: Sending event: {'category': 'dbt', 'action': 'invocation', 'label': 'end', 'context': [<snowplow_tracker.self_describing_json.SelfDescribingJson object at 0x73e921fbcce0>, <snowplow_tracker.self_describing_json.SelfDescribingJson object at 0x73e922eea210>, <snowplow_tracker.self_describing_json.SelfDescribingJson object at 0x73e921a66d20>]}
[0m11:54:40.503963 [debug] [MainThread]: Flushing usage events
[0m11:54:41.001307 [debug] [MainThread]: An error was encountered while trying to flush usage events
